// Jest Snapshot v1, https://goo.gl/fbAQLP

exports[`Rodape component deveria renderizar o rodape de acordo com as propriedades src e alt 1`] = `
RodapeComponent {
  "__ngContext__": 4,
  "alt": "Imagem teste",
  "src": "https://example.com/test-image.jpg",
}
`;
